@1++++++++++++++++++++++++++++++++++++++++++++++++++++++++++++++
@2
@3 COMMAND-LINE:
@4
@5    ./cpaths_basic chain30.g 
@6
@7++++++++++++++++++++++++++++++++++++++++++++++++++++++++++++
@ v1 : dist=0
@ v2 : dist=90
@ v3 : dist=127
@ v5 : dist=228
@ v9 : dist=450
@ v17 : dist=945
@ v4 : dist=168
@ v6 : dist=304
@ v10 : dist=539
@ v18 : dist=973
@ v7 : dist=319
@ v11 : dist=636
@ v19 : dist=1013
@ v8 : dist=370
@ v12 : dist=681
@ v20 : dist=1075
@ v13 : dist=706
@ v21 : dist=1152
@ v14 : dist=759
@ v22 : dist=1204
@ v15 : dist=771
@ v23 : dist=1279
@ v16 : dist=856
@ v24 : dist=1303
@ v25 : dist=1372
@ v26 : dist=1397
@ v27 : dist=1491
@ v28 : dist=1521
@ v29 : dist=1615
@ v30 : dist=1658
